// Jest Snapshot v1, https://goo.gl/fbAQLP

exports[`<DashboardPage /> should render the dashboard page correctly 1`] = `
<div>
  Main components here
</div>
`;
