// Jest Snapshot v1, https://goo.gl/fbAQLP

exports[`<LoadingPage /> should render the loading page correctly 1`] = `
<div
  className="loader"
>
  <img
    className="loader__spinner"
    src="/images/loader.gif"
  />
</div>
`;
