// Jest Snapshot v1, https://goo.gl/fbAQLP

exports[`<NotFoundPage /> should render the not found page correctly 1`] = `
<div>
  404 page -
  <Link
    replace={false}
    to="/"
  >
    Go Home
  </Link>
</div>
`;
